// Jest Snapshot v1, https://goo.gl/fbAQLP

exports[`Pruebas en <Sidebar /> debe de mostrarse correctamente 1`] = `
<aside
  className="journal__sidebar"
>
  <div
    className="journal__sidebar-navbar"
  >
    <h3
      className="mt-5"
    >
      <svg
        aria-hidden="true"
        className="svg-inline--fa fa-moon fa-w-16 "
        data-icon="moon"
        data-prefix="far"
        focusable="false"
        role="img"
        style={Object {}}
        viewBox="0 0 512 512"
        xmlns="http://www.w3.org/2000/svg"
      >
        <path
          d="M279.135 512c78.756 0 150.982-35.804 198.844-94.775 28.27-34.831-2.558-85.722-46.249-77.401-82.348 15.683-158.272-47.268-158.272-130.792 0-48.424 26.06-92.292 67.434-115.836 38.745-22.05 28.999-80.788-15.022-88.919A257.936 257.936 0 0 0 279.135 0c-141.36 0-256 114.575-256 256 0 141.36 114.576 256 256 256zm0-464c12.985 0 25.689 1.201 38.016 3.478-54.76 31.163-91.693 90.042-91.693 157.554 0 113.848 103.641 199.2 215.252 177.944C402.574 433.964 344.366 464 279.135 464c-114.875 0-208-93.125-208-208s93.125-208 208-208z"
          fill="currentColor"
          style={Object {}}
        />
      </svg>
      <span
        className="space"
      >
         
         
      </span>
    </h3>
    <button
      className="btn"
      onClick={[Function]}
    >
      Logout
    </button>
  </div>
  <div
    className="journal__new-entry"
    onClick={[Function]}
  >
    <svg
      aria-hidden="true"
      className="svg-inline--fa fa-calendar-plus fa-w-14 fa-5x "
      data-icon="calendar-plus"
      data-prefix="far"
      focusable="false"
      role="img"
      style={Object {}}
      viewBox="0 0 448 512"
      xmlns="http://www.w3.org/2000/svg"
    >
      <path
        d="M336 292v24c0 6.6-5.4 12-12 12h-76v76c0 6.6-5.4 12-12 12h-24c-6.6 0-12-5.4-12-12v-76h-76c-6.6 0-12-5.4-12-12v-24c0-6.6 5.4-12 12-12h76v-76c0-6.6 5.4-12 12-12h24c6.6 0 12 5.4 12 12v76h76c6.6 0 12 5.4 12 12zm112-180v352c0 26.5-21.5 48-48 48H48c-26.5 0-48-21.5-48-48V112c0-26.5 21.5-48 48-48h48V12c0-6.6 5.4-12 12-12h40c6.6 0 12 5.4 12 12v52h128V12c0-6.6 5.4-12 12-12h40c6.6 0 12 5.4 12 12v52h48c26.5 0 48 21.5 48 48zm-48 346V160H48v298c0 3.3 2.7 6 6 6h340c3.3 0 6-2.7 6-6z"
        fill="currentColor"
        style={Object {}}
      />
    </svg>
    <p
      className="mt-5"
    >
      New entry
    </p>
  </div>
  <div
    className="journal__entries"
  />
</aside>
`;
